
> backend@1.0.0 test:coverage
> cross-env NODE_ENV=test NODE_OPTIONS=--experimental-vm-modules jest --coverage

-----------------------|---------|----------|---------|---------|-------------------
File                   | % Stmts | % Branch | % Funcs | % Lines | Uncovered Line #s 
-----------------------|---------|----------|---------|---------|-------------------
All files              |   97.82 |    86.66 |     100 |   97.74 |                   
 src                   |     100 |      100 |     100 |     100 |                   
  app.js               |     100 |      100 |     100 |     100 |                   
 src/controllers       |   95.55 |      100 |     100 |   95.55 |                   
  authController.js    |     100 |      100 |     100 |     100 |                   
  vehicleController.js |   94.28 |      100 |     100 |   94.28 | 31,43             
 src/middlewares       |   93.75 |    83.33 |     100 |   93.75 |                   
  authMiddleware.js    |   92.85 |      100 |     100 |   92.85 | 18                
  errorHandler.js      |     100 |       50 |     100 |     100 | 2-3               
 src/models            |     100 |      100 |     100 |     100 |                   
  User.js              |     100 |      100 |     100 |     100 |                   
  Vehicle.js           |     100 |      100 |     100 |     100 |                   
 src/routes            |     100 |      100 |     100 |     100 |                   
  authRoutes.js        |     100 |      100 |     100 |     100 |                   
  vehicleRoutes.js     |     100 |      100 |     100 |     100 |                   
 src/services          |      99 |     87.3 |     100 |   98.92 |                   
  authService.js       |     100 |    94.11 |     100 |     100 | 17                
  vehicleService.js    |   98.73 |    84.78 |     100 |   98.63 | 16                
 src/utils             |     100 |      100 |     100 |     100 |                   
  AppError.js          |     100 |      100 |     100 |     100 |                   
-----------------------|---------|----------|---------|---------|-------------------
